# ./bench sharded:mutex shards=256 mix=80/10/10 writers=0
# cores=128 hwthreads=128 sockets=2 cores/socket=64 pin order: 0 1 2 3 4 5 6 7 8 9 10 11 12 13 14 15 16 17 18 19 20 21 22 23 24 25 26 27 28 29 30 31 32 33 34 35 36 37 38 39 40 41 42 43 44 45 46 47 48 49 50 51 52 53 54 55 56 57 58 59 60 61 62 63 64 65 66 67 68 69 70 71 72 73 74 75 76 77 78 79 80 81 82 83 84 85 86 87 88 89 90 91 92 93 94 95 96 97 98 99 100 101 102 103 104 105 106 107 108 109 110 111 112 113 114 115 116 117 118 119 120 121 122 123 124 125 126 127
T=1         3.4 Mops/s  (3.4 3.4 3.3)
T=2         6.1 Mops/s  (6.1 6.1 6.1)
T=4        11.2 Mops/s  (11.2 11.4 11.2)
T=8        19.9 Mops/s  (20.2 19.9 19.8)
T=16       28.5 Mops/s  (28.2 28.8 28.5)
T=32       41.5 Mops/s  (41.5 41.3 42.9)
T=64       56.0 Mops/s  (56.0 52.0 56.0)  <- first socket full
T=96       46.2 Mops/s  (44.4 46.2 46.7)
T=128      44.3 Mops/s  (44.3 43.5 44.5)  <- every core busy
T=192      49.8 Mops/s  (49.4 50.2 49.8)  <- oversubscribed
T=256      53.2 Mops/s  (53.5 53.0 53.2)  <- oversubscribed
wrote sharded_mutex.csv
# ./bench sharded:tas shards=256 mix=80/10/10 writers=0
# cores=128 hwthreads=128 sockets=2 cores/socket=64 pin order: 0 1 2 3 4 5 6 7 8 9 10 11 12 13 14 15 16 17 18 19 20 21 22 23 24 25 26 27 28 29 30 31 32 33 34 35 36 37 38 39 40 41 42 43 44 45 46 47 48 49 50 51 52 53 54 55 56 57 58 59 60 61 62 63 64 65 66 67 68 69 70 71 72 73 74 75 76 77 78 79 80 81 82 83 84 85 86 87 88 89 90 91 92 93 94 95 96 97 98 99 100 101 102 103 104 105 106 107 108 109 110 111 112 113 114 115 116 117 118 119 120 121 122 123 124 125 126 127
T=1         3.8 Mops/s  (3.6 3.8 3.8)
T=2         6.8 Mops/s  (6.9 6.8 6.8)
T=4        12.9 Mops/s  (12.9 12.8 13.0)
T=8        24.0 Mops/s  (24.2 23.9 24.0)
T=16       37.7 Mops/s  (37.4 37.7 38.0)
T=32       62.8 Mops/s  (63.0 62.8 62.3)
T=64       96.2 Mops/s  (96.2 96.7 95.7)  <- first socket full
T=96       64.6 Mops/s  (64.6 92.6 14.5)
T=128      65.4 Mops/s  (74.6 65.4 63.4)  <- every core busy
T=192       6.4 Mops/s  (6.4 4.4 6.4)  <- oversubscribed
T=256       5.8 Mops/s  (5.8 3.8 6.1)  <- oversubscribed
wrote sharded_tas.csv
# ./bench sharded:ttas shards=256 mix=80/10/10 writers=0
# cores=128 hwthreads=128 sockets=2 cores/socket=64 pin order: 0 1 2 3 4 5 6 7 8 9 10 11 12 13 14 15 16 17 18 19 20 21 22 23 24 25 26 27 28 29 30 31 32 33 34 35 36 37 38 39 40 41 42 43 44 45 46 47 48 49 50 51 52 53 54 55 56 57 58 59 60 61 62 63 64 65 66 67 68 69 70 71 72 73 74 75 76 77 78 79 80 81 82 83 84 85 86 87 88 89 90 91 92 93 94 95 96 97 98 99 100 101 102 103 104 105 106 107 108 109 110 111 112 113 114 115 116 117 118 119 120 121 122 123 124 125 126 127
T=1         3.7 Mops/s  (3.6 3.7 3.7)
T=2         7.1 Mops/s  (7.0 7.1 7.1)
T=4        13.4 Mops/s  (13.4 13.5 13.4)
T=8        24.8 Mops/s  (24.7 24.8 24.9)
T=16       39.3 Mops/s  (39.3 39.2 39.3)
T=32       63.8 Mops/s  (62.4 63.8 64.9)
T=64       98.3 Mops/s  (98.5 97.7 98.3)  <- first socket full
T=96       15.1 Mops/s  (11.0 15.1 15.1)
T=128      90.2 Mops/s  (87.6 90.2 95.7)  <- every core busy
T=192       6.7 Mops/s  (5.0 6.7 7.2)  <- oversubscribed
T=256       3.9 Mops/s  (3.5 5.3 3.9)  <- oversubscribed
wrote sharded_ttas.csv
# ./bench sharded:ticket shards=256 mix=80/10/10 writers=0
# cores=128 hwthreads=128 sockets=2 cores/socket=64 pin order: 0 1 2 3 4 5 6 7 8 9 10 11 12 13 14 15 16 17 18 19 20 21 22 23 24 25 26 27 28 29 30 31 32 33 34 35 36 37 38 39 40 41 42 43 44 45 46 47 48 49 50 51 52 53 54 55 56 57 58 59 60 61 62 63 64 65 66 67 68 69 70 71 72 73 74 75 76 77 78 79 80 81 82 83 84 85 86 87 88 89 90 91 92 93 94 95 96 97 98 99 100 101 102 103 104 105 106 107 108 109 110 111 112 113 114 115 116 117 118 119 120 121 122 123 124 125 126 127
T=1         3.6 Mops/s  (3.6 3.6 3.7)
T=2         6.8 Mops/s  (6.8 6.8 6.8)
T=4        12.8 Mops/s  (12.8 12.8 12.8)
T=8        24.1 Mops/s  (23.8 24.1 24.3)
T=16       36.4 Mops/s  (36.4 36.3 36.5)
T=32       59.2 Mops/s  (59.5 58.8 59.2)
T=64       89.5 Mops/s  (86.5 89.5 89.6)  <- first socket full
T=96       31.1 Mops/s  (32.8 26.7 31.1)
T=128      87.0 Mops/s  (87.0 86.5 87.0)  <- every core busy
T=192      41.9 Mops/s  (41.9 43.1 41.9)  <- oversubscribed
T=256      37.3 Mops/s  (37.8 35.2 37.3)  <- oversubscribed
wrote sharded_ticket.csv
# ./bench sharded:park shards=256 mix=80/10/10 writers=0
# cores=128 hwthreads=128 sockets=2 cores/socket=64 pin order: 0 1 2 3 4 5 6 7 8 9 10 11 12 13 14 15 16 17 18 19 20 21 22 23 24 25 26 27 28 29 30 31 32 33 34 35 36 37 38 39 40 41 42 43 44 45 46 47 48 49 50 51 52 53 54 55 56 57 58 59 60 61 62 63 64 65 66 67 68 69 70 71 72 73 74 75 76 77 78 79 80 81 82 83 84 85 86 87 88 89 90 91 92 93 94 95 96 97 98 99 100 101 102 103 104 105 106 107 108 109 110 111 112 113 114 115 116 117 118 119 120 121 122 123 124 125 126 127
T=1         3.6 Mops/s  (3.5 3.6 3.7)
T=2         7.0 Mops/s  (7.0 7.1 6.9)
T=4        13.3 Mops/s  (13.3 13.3 13.4)
T=8        24.9 Mops/s  (24.6 24.9 26.5)
T=16       37.9 Mops/s  (37.2 37.9 38.2)
T=32       61.5 Mops/s  (61.5 61.5 61.6)
T=64       94.5 Mops/s  (92.7 94.5 94.5)  <- first socket full
T=96       68.3 Mops/s  (65.8 68.3 80.2)
T=128      65.0 Mops/s  (58.2 65.0 76.2)  <- every core busy
T=192      46.3 Mops/s  (46.3 33.5 51.6)  <- oversubscribed
T=256      31.5 Mops/s  (31.5 30.4 36.2)  <- oversubscribed
wrote sharded_park.csv
