# ./bench sharded:ttas shards=256 mix=100/0/0 writers=0
# cores=128 hwthreads=128 sockets=2 cores/socket=64 pin order: 0 1 2 3 4 5 6 7 8 9 10 11 12 13 14 15 16 17 18 19 20 21 22 23 24 25 26 27 28 29 30 31 32 33 34 35 36 37 38 39 40 41 42 43 44 45 46 47 48 49 50 51 52 53 54 55 56 57 58 59 60 61 62 63 64 65 66 67 68 69 70 71 72 73 74 75 76 77 78 79 80 81 82 83 84 85 86 87 88 89 90 91 92 93 94 95 96 97 98 99 100 101 102 103 104 105 106 107 108 109 110 111 112 113 114 115 116 117 118 119 120 121 122 123 124 125 126 127
T=1         6.5 Mops/s  (6.6 6.5 6.5)
T=2        12.7 Mops/s  (12.7 12.7 12.7)
T=4        24.6 Mops/s  (24.8 24.6 24.6)
T=8        47.6 Mops/s  (47.6 47.3 47.7)
T=16       74.1 Mops/s  (74.1 74.6 71.2)
T=32      127.8 Mops/s  (127.6 127.8 128.5)
T=64      203.7 Mops/s  (200.7 203.7 204.4)  <- first socket full
T=96       47.0 Mops/s  (21.7 123.6 47.0)
T=128     216.1 Mops/s  (216.1 217.3 213.5)  <- every core busy
T=192      17.6 Mops/s  (14.8 19.1 17.6)  <- oversubscribed
T=256      10.5 Mops/s  (10.2 10.7 10.5)  <- oversubscribed
wrote sharded_ttas.csv
# ./bench sharded:rw shards=256 mix=100/0/0 writers=0
# cores=128 hwthreads=128 sockets=2 cores/socket=64 pin order: 0 1 2 3 4 5 6 7 8 9 10 11 12 13 14 15 16 17 18 19 20 21 22 23 24 25 26 27 28 29 30 31 32 33 34 35 36 37 38 39 40 41 42 43 44 45 46 47 48 49 50 51 52 53 54 55 56 57 58 59 60 61 62 63 64 65 66 67 68 69 70 71 72 73 74 75 76 77 78 79 80 81 82 83 84 85 86 87 88 89 90 91 92 93 94 95 96 97 98 99 100 101 102 103 104 105 106 107 108 109 110 111 112 113 114 115 116 117 118 119 120 121 122 123 124 125 126 127
T=1         6.5 Mops/s  (6.4 6.5 6.6)
T=2        12.8 Mops/s  (12.8 12.8 12.8)
T=4        25.1 Mops/s  (25.1 25.1 25.1)
T=8        48.8 Mops/s  (48.9 48.8 48.8)
T=16       76.2 Mops/s  (75.4 76.2 76.3)
T=32      136.9 Mops/s  (137.1 135.4 136.9)
T=64      225.7 Mops/s  (225.7 228.4 218.3)  <- first socket full
T=96      217.5 Mops/s  (217.5 216.1 221.7)
T=128     283.3 Mops/s  (283.3 294.4 280.7)  <- every core busy
T=192     275.7 Mops/s  (275.7 278.3 274.4)  <- oversubscribed
T=256     277.9 Mops/s  (277.9 278.7 272.6)  <- oversubscribed
wrote sharded_rw.csv
# ./bench sharded:rwp shards=256 mix=100/0/0 writers=0
# cores=128 hwthreads=128 sockets=2 cores/socket=64 pin order: 0 1 2 3 4 5 6 7 8 9 10 11 12 13 14 15 16 17 18 19 20 21 22 23 24 25 26 27 28 29 30 31 32 33 34 35 36 37 38 39 40 41 42 43 44 45 46 47 48 49 50 51 52 53 54 55 56 57 58 59 60 61 62 63 64 65 66 67 68 69 70 71 72 73 74 75 76 77 78 79 80 81 82 83 84 85 86 87 88 89 90 91 92 93 94 95 96 97 98 99 100 101 102 103 104 105 106 107 108 109 110 111 112 113 114 115 116 117 118 119 120 121 122 123 124 125 126 127
T=1         6.7 Mops/s  (6.6 6.7 6.7)
T=2        12.9 Mops/s  (12.8 12.9 13.0)
T=4        25.2 Mops/s  (25.2 25.2 25.3)
T=8        49.3 Mops/s  (49.3 49.0 49.3)
T=16       76.1 Mops/s  (75.9 76.1 78.6)
T=32      139.4 Mops/s  (139.4 139.7 138.0)
T=64      228.6 Mops/s  (231.9 228.6 227.7)  <- first socket full
T=96      218.5 Mops/s  (218.5 218.4 237.8)
T=128     264.8 Mops/s  (232.9 281.7 264.8)  <- every core busy
T=192     266.7 Mops/s  (248.0 284.4 266.7)  <- oversubscribed
T=256     283.9 Mops/s  (241.5 283.9 292.8)  <- oversubscribed
wrote sharded_rwp.csv
# ./bench sharded:shared_mutex shards=256 mix=100/0/0 writers=0
# cores=128 hwthreads=128 sockets=2 cores/socket=64 pin order: 0 1 2 3 4 5 6 7 8 9 10 11 12 13 14 15 16 17 18 19 20 21 22 23 24 25 26 27 28 29 30 31 32 33 34 35 36 37 38 39 40 41 42 43 44 45 46 47 48 49 50 51 52 53 54 55 56 57 58 59 60 61 62 63 64 65 66 67 68 69 70 71 72 73 74 75 76 77 78 79 80 81 82 83 84 85 86 87 88 89 90 91 92 93 94 95 96 97 98 99 100 101 102 103 104 105 106 107 108 109 110 111 112 113 114 115 116 117 118 119 120 121 122 123 124 125 126 127
T=1         5.6 Mops/s  (5.3 5.6 5.8)
T=2        11.7 Mops/s  (11.7 11.6 11.7)
T=4        23.2 Mops/s  (23.2 23.3 23.2)
T=8        45.6 Mops/s  (45.3 45.9 45.6)
T=16       74.1 Mops/s  (74.4 74.1 73.2)
T=32      137.9 Mops/s  (137.1 138.2 137.9)
T=64      236.6 Mops/s  (236.8 236.6 234.9)  <- first socket full
T=96      260.3 Mops/s  (260.3 263.9 243.9)
T=128     317.0 Mops/s  (317.0 325.8 316.9)  <- every core busy
T=192     317.8 Mops/s  (319.3 312.0 317.8)  <- oversubscribed
T=256     313.7 Mops/s  (313.7 308.3 318.2)  <- oversubscribed
wrote sharded_shared_mutex.csv
