# ./bench hashed:ttas shards=1024 mix=80/10/10 writers=0
# cores=128 hwthreads=128 sockets=2 cores/socket=64 pin order: 0 1 2 3 4 5 6 7 8 9 10 11 12 13 14 15 16 17 18 19 20 21 22 23 24 25 26 27 28 29 30 31 32 33 34 35 36 37 38 39 40 41 42 43 44 45 46 47 48 49 50 51 52 53 54 55 56 57 58 59 60 61 62 63 64 65 66 67 68 69 70 71 72 73 74 75 76 77 78 79 80 81 82 83 84 85 86 87 88 89 90 91 92 93 94 95 96 97 98 99 100 101 102 103 104 105 106 107 108 109 110 111 112 113 114 115 116 117 118 119 120 121 122 123 124 125 126 127
T=1        17.0 Mops/s  (17.0 17.0 16.9)
T=2        31.9 Mops/s  (32.2 31.6 31.9)
T=4        62.3 Mops/s  (62.8 62.3 61.5)
T=8       126.5 Mops/s  (126.5 124.8 126.5)
T=16      142.8 Mops/s  (142.8 143.9 142.6)
T=32      241.2 Mops/s  (240.1 241.2 241.3)
T=64      395.1 Mops/s  (398.0 395.1 387.0)  <- first socket full
T=96       71.9 Mops/s  (97.1 53.3 71.9)
T=128     398.7 Mops/s  (327.6 398.7 408.5)  <- every core busy
T=192      26.3 Mops/s  (17.0 26.3 29.0)  <- oversubscribed
T=256      16.6 Mops/s  (18.3 13.9 16.6)  <- oversubscribed
wrote hashed_ttas.csv
# ./bench hashed:ttas:nopad shards=1024 mix=80/10/10 writers=0
# cores=128 hwthreads=128 sockets=2 cores/socket=64 pin order: 0 1 2 3 4 5 6 7 8 9 10 11 12 13 14 15 16 17 18 19 20 21 22 23 24 25 26 27 28 29 30 31 32 33 34 35 36 37 38 39 40 41 42 43 44 45 46 47 48 49 50 51 52 53 54 55 56 57 58 59 60 61 62 63 64 65 66 67 68 69 70 71 72 73 74 75 76 77 78 79 80 81 82 83 84 85 86 87 88 89 90 91 92 93 94 95 96 97 98 99 100 101 102 103 104 105 106 107 108 109 110 111 112 113 114 115 116 117 118 119 120 121 122 123 124 125 126 127
T=1        17.1 Mops/s  (16.5 17.1 17.3)
T=2        32.4 Mops/s  (32.4 32.4 30.2)
T=4        60.6 Mops/s  (60.6 60.6 59.5)
T=8       108.2 Mops/s  (107.5 108.2 108.7)
T=16       84.0 Mops/s  (85.2 83.5 84.0)
T=32       90.1 Mops/s  (89.0 90.1 94.5)
T=64       97.1 Mops/s  (97.1 96.7 97.1)  <- first socket full
T=96       22.0 Mops/s  (17.1 22.0 63.7)
T=128      64.9 Mops/s  (64.9 61.5 69.4)  <- every core busy
T=192      10.3 Mops/s  (10.3 12.3 9.5)  <- oversubscribed
T=256       7.1 Mops/s  (10.3 7.1 7.1)  <- oversubscribed
wrote hashed_ttas_nopad.csv
# ./bench sharded:ttas shards=1024 mix=80/10/10 writers=0
# cores=128 hwthreads=128 sockets=2 cores/socket=64 pin order: 0 1 2 3 4 5 6 7 8 9 10 11 12 13 14 15 16 17 18 19 20 21 22 23 24 25 26 27 28 29 30 31 32 33 34 35 36 37 38 39 40 41 42 43 44 45 46 47 48 49 50 51 52 53 54 55 56 57 58 59 60 61 62 63 64 65 66 67 68 69 70 71 72 73 74 75 76 77 78 79 80 81 82 83 84 85 86 87 88 89 90 91 92 93 94 95 96 97 98 99 100 101 102 103 104 105 106 107 108 109 110 111 112 113 114 115 116 117 118 119 120 121 122 123 124 125 126 127
T=1         4.4 Mops/s  (4.3 4.4 4.5)
T=2         8.5 Mops/s  (8.5 8.4 8.5)
T=4        16.4 Mops/s  (16.4 16.1 16.4)
T=8        30.6 Mops/s  (30.4 30.6 31.0)
T=16       49.4 Mops/s  (49.4 49.2 49.6)
T=32       83.9 Mops/s  (83.8 83.9 85.1)
T=64      137.1 Mops/s  (135.8 137.1 138.7)  <- first socket full
T=96       34.2 Mops/s  (19.3 55.2 34.2)
T=128     135.7 Mops/s  (135.7 128.6 160.2)  <- every core busy
T=192      13.9 Mops/s  (13.9 10.6 13.9)  <- oversubscribed
T=256      10.9 Mops/s  (11.7 8.5 10.9)  <- oversubscribed
wrote sharded_ttas.csv
# ./bench sharded:ttas:nopad shards=1024 mix=80/10/10 writers=0
# cores=128 hwthreads=128 sockets=2 cores/socket=64 pin order: 0 1 2 3 4 5 6 7 8 9 10 11 12 13 14 15 16 17 18 19 20 21 22 23 24 25 26 27 28 29 30 31 32 33 34 35 36 37 38 39 40 41 42 43 44 45 46 47 48 49 50 51 52 53 54 55 56 57 58 59 60 61 62 63 64 65 66 67 68 69 70 71 72 73 74 75 76 77 78 79 80 81 82 83 84 85 86 87 88 89 90 91 92 93 94 95 96 97 98 99 100 101 102 103 104 105 106 107 108 109 110 111 112 113 114 115 116 117 118 119 120 121 122 123 124 125 126 127
T=1         4.1 Mops/s  (4.0 4.1 4.2)
T=2         8.0 Mops/s  (8.0 8.0 8.0)
T=4        15.1 Mops/s  (15.1 15.1 15.2)
T=8        28.8 Mops/s  (28.8 28.9 28.8)
T=16       46.0 Mops/s  (46.3 45.4 46.0)
T=32       80.6 Mops/s  (80.0 80.8 80.6)
T=64      133.7 Mops/s  (135.9 133.5 133.7)  <- first socket full
T=96       19.2 Mops/s  (17.1 19.2 20.6)
T=128     116.2 Mops/s  (116.2 138.0 112.2)  <- every core busy
T=192      12.6 Mops/s  (8.5 12.6 14.3)  <- oversubscribed
T=256       7.5 Mops/s  (9.4 5.9 7.5)  <- oversubscribed
wrote sharded_ttas_nopad.csv
