# ./bench sharded:ttas shards=256 mix=100/0/0 writers=0
# cores=128 hwthreads=128 sockets=2 cores/socket=64 pin order: 0 1 2 3 4 5 6 7 8 9 10 11 12 13 14 15 16 17 18 19 20 21 22 23 24 25 26 27 28 29 30 31 32 33 34 35 36 37 38 39 40 41 42 43 44 45 46 47 48 49 50 51 52 53 54 55 56 57 58 59 60 61 62 63 64 65 66 67 68 69 70 71 72 73 74 75 76 77 78 79 80 81 82 83 84 85 86 87 88 89 90 91 92 93 94 95 96 97 98 99 100 101 102 103 104 105 106 107 108 109 110 111 112 113 114 115 116 117 118 119 120 121 122 123 124 125 126 127
T=64      200.8 Mops/s  (200.8 202.1 197.1)  <- first socket full
T=96      133.2 Mops/s  (39.2 174.2 133.2)
T=128     210.1 Mops/s  (201.6 210.1 215.1)  <- every core busy
wrote sharded_ttas.csv
# ./bench sharded:rw shards=256 mix=100/0/0 writers=0
# cores=128 hwthreads=128 sockets=2 cores/socket=64 pin order: 0 1 2 3 4 5 6 7 8 9 10 11 12 13 14 15 16 17 18 19 20 21 22 23 24 25 26 27 28 29 30 31 32 33 34 35 36 37 38 39 40 41 42 43 44 45 46 47 48 49 50 51 52 53 54 55 56 57 58 59 60 61 62 63 64 65 66 67 68 69 70 71 72 73 74 75 76 77 78 79 80 81 82 83 84 85 86 87 88 89 90 91 92 93 94 95 96 97 98 99 100 101 102 103 104 105 106 107 108 109 110 111 112 113 114 115 116 117 118 119 120 121 122 123 124 125 126 127
T=64      226.5 Mops/s  (226.5 218.3 227.7)  <- first socket full
T=96      221.1 Mops/s  (221.1 226.2 205.4)
T=128     269.0 Mops/s  (264.6 271.7 269.0)  <- every core busy
wrote sharded_rw.csv
# ./bench sharded:rwp shards=256 mix=100/0/0 writers=0
# cores=128 hwthreads=128 sockets=2 cores/socket=64 pin order: 0 1 2 3 4 5 6 7 8 9 10 11 12 13 14 15 16 17 18 19 20 21 22 23 24 25 26 27 28 29 30 31 32 33 34 35 36 37 38 39 40 41 42 43 44 45 46 47 48 49 50 51 52 53 54 55 56 57 58 59 60 61 62 63 64 65 66 67 68 69 70 71 72 73 74 75 76 77 78 79 80 81 82 83 84 85 86 87 88 89 90 91 92 93 94 95 96 97 98 99 100 101 102 103 104 105 106 107 108 109 110 111 112 113 114 115 116 117 118 119 120 121 122 123 124 125 126 127
T=64      232.2 Mops/s  (232.6 232.2 228.8)  <- first socket full
T=96      211.6 Mops/s  (204.4 211.6 255.6)
T=128     286.2 Mops/s  (264.9 286.2 296.7)  <- every core busy
wrote sharded_rwp.csv
# ./bench sharded:shared_mutex shards=256 mix=100/0/0 writers=0
# cores=128 hwthreads=128 sockets=2 cores/socket=64 pin order: 0 1 2 3 4 5 6 7 8 9 10 11 12 13 14 15 16 17 18 19 20 21 22 23 24 25 26 27 28 29 30 31 32 33 34 35 36 37 38 39 40 41 42 43 44 45 46 47 48 49 50 51 52 53 54 55 56 57 58 59 60 61 62 63 64 65 66 67 68 69 70 71 72 73 74 75 76 77 78 79 80 81 82 83 84 85 86 87 88 89 90 91 92 93 94 95 96 97 98 99 100 101 102 103 104 105 106 107 108 109 110 111 112 113 114 115 116 117 118 119 120 121 122 123 124 125 126 127
T=64      236.4 Mops/s  (235.4 236.6 236.4)  <- first socket full
T=96      263.6 Mops/s  (233.5 263.6 275.1)
T=128     322.7 Mops/s  (322.7 324.6 314.7)  <- every core busy
wrote sharded_shared_mutex.csv
