# ./bench sharded:ttas shards=256 mix=80/10/10 writers=0
# cores=128 hwthreads=128 sockets=2 cores/socket=64 pin order: 0 1 2 3 4 5 6 7 8 9 10 11 12 13 14 15 16 17 18 19 20 21 22 23 24 25 26 27 28 29 30 31 32 33 34 35 36 37 38 39 40 41 42 43 44 45 46 47 48 49 50 51 52 53 54 55 56 57 58 59 60 61 62 63 64 65 66 67 68 69 70 71 72 73 74 75 76 77 78 79 80 81 82 83 84 85 86 87 88 89 90 91 92 93 94 95 96 97 98 99 100 101 102 103 104 105 106 107 108 109 110 111 112 113 114 115 116 117 118 119 120 121 122 123 124 125 126 127
T=1         3.7 Mops/s  (3.7 3.6 3.7)
T=2         7.0 Mops/s  (7.0 7.0 7.2)
T=4        13.4 Mops/s  (14.4 13.4 13.1)
T=8        25.1 Mops/s  (25.4 25.1 24.7)
T=16       39.2 Mops/s  (37.4 39.3 39.2)
T=32       63.7 Mops/s  (64.1 63.7 63.7)
T=64       96.7 Mops/s  (96.7 96.7 97.0)  <- first socket full
T=96       13.5 Mops/s  (13.1 13.5 66.0)
T=128      94.2 Mops/s  (81.7 96.0 94.2)  <- every core busy
T=192       6.6 Mops/s  (5.4 6.6 7.7)  <- oversubscribed
T=256       3.8 Mops/s  (3.8 6.3 3.8)  <- oversubscribed
wrote sharded_ttas.csv
# ./bench sharded:rw shards=256 mix=80/10/10 writers=0
# cores=128 hwthreads=128 sockets=2 cores/socket=64 pin order: 0 1 2 3 4 5 6 7 8 9 10 11 12 13 14 15 16 17 18 19 20 21 22 23 24 25 26 27 28 29 30 31 32 33 34 35 36 37 38 39 40 41 42 43 44 45 46 47 48 49 50 51 52 53 54 55 56 57 58 59 60 61 62 63 64 65 66 67 68 69 70 71 72 73 74 75 76 77 78 79 80 81 82 83 84 85 86 87 88 89 90 91 92 93 94 95 96 97 98 99 100 101 102 103 104 105 106 107 108 109 110 111 112 113 114 115 116 117 118 119 120 121 122 123 124 125 126 127
T=1         3.6 Mops/s  (3.6 3.6 3.7)
T=2         7.0 Mops/s  (7.0 7.0 6.9)
T=4        13.3 Mops/s  (13.3 13.2 13.3)
T=8        25.1 Mops/s  (25.1 24.9 25.1)
T=16       38.6 Mops/s  (38.6 39.3 38.0)
T=32       65.6 Mops/s  (64.9 65.6 65.7)
T=64      100.8 Mops/s  (100.4 103.1 100.8)  <- first socket full
T=96       18.3 Mops/s  (69.8 18.3 16.4)
T=128     109.3 Mops/s  (109.3 106.5 109.8)  <- every core busy
T=192       8.4 Mops/s  (8.4 7.6 9.4)  <- oversubscribed
T=256       6.3 Mops/s  (4.6 6.3 7.2)  <- oversubscribed
wrote sharded_rw.csv
# ./bench sharded:rwp shards=256 mix=80/10/10 writers=0
# cores=128 hwthreads=128 sockets=2 cores/socket=64 pin order: 0 1 2 3 4 5 6 7 8 9 10 11 12 13 14 15 16 17 18 19 20 21 22 23 24 25 26 27 28 29 30 31 32 33 34 35 36 37 38 39 40 41 42 43 44 45 46 47 48 49 50 51 52 53 54 55 56 57 58 59 60 61 62 63 64 65 66 67 68 69 70 71 72 73 74 75 76 77 78 79 80 81 82 83 84 85 86 87 88 89 90 91 92 93 94 95 96 97 98 99 100 101 102 103 104 105 106 107 108 109 110 111 112 113 114 115 116 117 118 119 120 121 122 123 124 125 126 127
T=1         3.6 Mops/s  (3.6 3.6 3.7)
T=2         7.1 Mops/s  (7.1 7.1 7.1)
T=4        13.5 Mops/s  (13.5 13.5 13.5)
T=8        25.1 Mops/s  (25.1 25.1 25.1)
T=16       39.2 Mops/s  (37.9 39.8 39.2)
T=32       66.1 Mops/s  (65.9 67.8 66.1)
T=64      104.2 Mops/s  (103.8 104.9 104.2)  <- first socket full
T=96       50.7 Mops/s  (10.9 50.7 69.2)
T=128     107.9 Mops/s  (107.9 109.6 93.5)  <- every core busy
T=192       4.0 Mops/s  (3.3 4.0 4.3)  <- oversubscribed
T=256       2.7 Mops/s  (1.9 2.7 2.8)  <- oversubscribed
wrote sharded_rwp.csv
# ./bench sharded:shared_mutex shards=256 mix=80/10/10 writers=0
# cores=128 hwthreads=128 sockets=2 cores/socket=64 pin order: 0 1 2 3 4 5 6 7 8 9 10 11 12 13 14 15 16 17 18 19 20 21 22 23 24 25 26 27 28 29 30 31 32 33 34 35 36 37 38 39 40 41 42 43 44 45 46 47 48 49 50 51 52 53 54 55 56 57 58 59 60 61 62 63 64 65 66 67 68 69 70 71 72 73 74 75 76 77 78 79 80 81 82 83 84 85 86 87 88 89 90 91 92 93 94 95 96 97 98 99 100 101 102 103 104 105 106 107 108 109 110 111 112 113 114 115 116 117 118 119 120 121 122 123 124 125 126 127
T=1         3.2 Mops/s  (3.2 3.2 3.2)
T=2         6.2 Mops/s  (6.2 6.1 6.2)
T=4        11.6 Mops/s  (11.5 11.6 11.6)
T=8        21.0 Mops/s  (20.8 21.0 21.0)
T=16       30.8 Mops/s  (30.7 30.8 30.9)
T=32       46.7 Mops/s  (47.3 46.7 45.9)
T=64       61.7 Mops/s  (60.0 61.7 62.4)  <- first socket full
T=96       46.8 Mops/s  (47.0 42.4 46.8)
T=128      37.7 Mops/s  (38.6 37.6 37.7)  <- every core busy
T=192      33.9 Mops/s  (34.2 33.9 32.5)  <- oversubscribed
T=256      30.0 Mops/s  (29.8 32.2 30.0)  <- oversubscribed
wrote sharded_shared_mutex.csv
