# ./bench sharded:ttas shards=4096 mix=80/10/10 writers=0
# cores=128 hwthreads=128 sockets=2 cores/socket=64 pin order: 0 1 2 3 4 5 6 7 8 9 10 11 12 13 14 15 16 17 18 19 20 21 22 23 24 25 26 27 28 29 30 31 32 33 34 35 36 37 38 39 40 41 42 43 44 45 46 47 48 49 50 51 52 53 54 55 56 57 58 59 60 61 62 63 64 65 66 67 68 69 70 71 72 73 74 75 76 77 78 79 80 81 82 83 84 85 86 87 88 89 90 91 92 93 94 95 96 97 98 99 100 101 102 103 104 105 106 107 108 109 110 111 112 113 114 115 116 117 118 119 120 121 122 123 124 125 126 127
T=1         5.3 Mops/s  (5.3 5.3 5.3)
T=2        10.1 Mops/s  (10.1 10.2 10.1)
T=4        19.4 Mops/s  (19.2 19.5 19.4)
T=8        37.2 Mops/s  (37.3 36.9 37.2)
T=16       58.6 Mops/s  (59.4 55.7 58.6)
T=32      102.0 Mops/s  (102.4 102.0 101.7)
T=64      173.2 Mops/s  (173.2 173.6 166.3)  <- first socket full
T=96       62.6 Mops/s  (36.7 106.6 62.6)
T=128     162.5 Mops/s  (152.8 175.4 162.5)  <- every core busy
T=192      25.7 Mops/s  (25.0 27.8 25.7)  <- oversubscribed
T=256      22.5 Mops/s  (34.4 22.5 17.9)  <- oversubscribed
wrote sharded_ttas.csv
# ./bench sharded:rw shards=4096 mix=80/10/10 writers=0
# cores=128 hwthreads=128 sockets=2 cores/socket=64 pin order: 0 1 2 3 4 5 6 7 8 9 10 11 12 13 14 15 16 17 18 19 20 21 22 23 24 25 26 27 28 29 30 31 32 33 34 35 36 37 38 39 40 41 42 43 44 45 46 47 48 49 50 51 52 53 54 55 56 57 58 59 60 61 62 63 64 65 66 67 68 69 70 71 72 73 74 75 76 77 78 79 80 81 82 83 84 85 86 87 88 89 90 91 92 93 94 95 96 97 98 99 100 101 102 103 104 105 106 107 108 109 110 111 112 113 114 115 116 117 118 119 120 121 122 123 124 125 126 127
T=1         5.1 Mops/s  (4.9 5.1 5.3)
T=2        10.2 Mops/s  (10.4 10.2 9.6)
T=4        19.7 Mops/s  (19.7 19.4 19.9)
T=8        36.5 Mops/s  (37.7 36.5 35.1)
T=16       58.9 Mops/s  (59.5 58.8 58.9)
T=32      103.1 Mops/s  (103.4 103.1 102.9)
T=64      175.0 Mops/s  (175.0 175.1 174.0)  <- first socket full
T=96       59.5 Mops/s  (62.9 49.5 59.5)
T=128     182.8 Mops/s  (188.7 167.4 182.8)  <- every core busy
T=192      33.0 Mops/s  (33.0 36.9 31.6)  <- oversubscribed
T=256      29.1 Mops/s  (29.1 31.2 22.9)  <- oversubscribed
wrote sharded_rw.csv
# ./bench sharded:rwp shards=4096 mix=80/10/10 writers=0
# cores=128 hwthreads=128 sockets=2 cores/socket=64 pin order: 0 1 2 3 4 5 6 7 8 9 10 11 12 13 14 15 16 17 18 19 20 21 22 23 24 25 26 27 28 29 30 31 32 33 34 35 36 37 38 39 40 41 42 43 44 45 46 47 48 49 50 51 52 53 54 55 56 57 58 59 60 61 62 63 64 65 66 67 68 69 70 71 72 73 74 75 76 77 78 79 80 81 82 83 84 85 86 87 88 89 90 91 92 93 94 95 96 97 98 99 100 101 102 103 104 105 106 107 108 109 110 111 112 113 114 115 116 117 118 119 120 121 122 123 124 125 126 127
T=1         5.1 Mops/s  (5.1 4.8 5.4)
T=2        10.5 Mops/s  (10.5 10.4 10.5)
T=4        19.9 Mops/s  (19.9 20.1 19.7)
T=8        37.7 Mops/s  (37.6 37.7 38.1)
T=16       57.1 Mops/s  (57.1 56.7 59.5)
T=32      103.4 Mops/s  (102.6 103.4 104.1)
T=64      173.4 Mops/s  (174.9 173.0 173.4)  <- first socket full
T=96       25.1 Mops/s  (23.2 25.1 64.8)
T=128     176.1 Mops/s  (176.1 180.3 113.5)  <- every core busy
T=192      14.7 Mops/s  (12.9 16.2 14.7)  <- oversubscribed
T=256       9.2 Mops/s  (8.7 10.5 9.2)  <- oversubscribed
wrote sharded_rwp.csv
# ./bench sharded:shared_mutex shards=4096 mix=80/10/10 writers=0
# cores=128 hwthreads=128 sockets=2 cores/socket=64 pin order: 0 1 2 3 4 5 6 7 8 9 10 11 12 13 14 15 16 17 18 19 20 21 22 23 24 25 26 27 28 29 30 31 32 33 34 35 36 37 38 39 40 41 42 43 44 45 46 47 48 49 50 51 52 53 54 55 56 57 58 59 60 61 62 63 64 65 66 67 68 69 70 71 72 73 74 75 76 77 78 79 80 81 82 83 84 85 86 87 88 89 90 91 92 93 94 95 96 97 98 99 100 101 102 103 104 105 106 107 108 109 110 111 112 113 114 115 116 117 118 119 120 121 122 123 124 125 126 127
T=1         4.1 Mops/s  (4.1 4.1 4.3)
T=2         8.0 Mops/s  (8.1 7.9 8.0)
T=4        15.2 Mops/s  (15.5 15.2 15.1)
T=8        29.0 Mops/s  (29.0 28.3 29.4)
T=16       45.7 Mops/s  (45.7 44.6 46.0)
T=32       76.3 Mops/s  (76.3 71.9 76.5)
T=64      122.1 Mops/s  (119.2 123.4 122.1)  <- first socket full
T=96      119.9 Mops/s  (112.4 120.0 119.9)
T=128     136.2 Mops/s  (139.7 135.5 136.2)  <- every core busy
T=192     111.1 Mops/s  (111.1 110.4 111.4)  <- oversubscribed
T=256     111.6 Mops/s  (111.9 111.5 111.6)  <- oversubscribed
wrote sharded_shared_mutex.csv
