# ./bench sharded:ttas shards=4096 mix=100/0/0 writers=0
# cores=128 hwthreads=128 sockets=2 cores/socket=64 pin order: 0 1 2 3 4 5 6 7 8 9 10 11 12 13 14 15 16 17 18 19 20 21 22 23 24 25 26 27 28 29 30 31 32 33 34 35 36 37 38 39 40 41 42 43 44 45 46 47 48 49 50 51 52 53 54 55 56 57 58 59 60 61 62 63 64 65 66 67 68 69 70 71 72 73 74 75 76 77 78 79 80 81 82 83 84 85 86 87 88 89 90 91 92 93 94 95 96 97 98 99 100 101 102 103 104 105 106 107 108 109 110 111 112 113 114 115 116 117 118 119 120 121 122 123 124 125 126 127
T=1         8.5 Mops/s  (8.5 8.5 8.3)
T=2        16.6 Mops/s  (16.6 16.6 16.6)
T=4        32.6 Mops/s  (32.6 32.6 32.8)
T=8        64.1 Mops/s  (64.3 64.1 63.6)
T=16       99.2 Mops/s  (98.6 99.2 99.4)
T=32      183.7 Mops/s  (181.7 183.7 184.7)
T=64      342.5 Mops/s  (342.5 342.5 340.7)  <- first socket full
T=96       82.4 Mops/s  (69.0 82.4 97.7)
T=128     432.6 Mops/s  (432.6 429.6 461.7)  <- every core busy
T=192      52.7 Mops/s  (52.7 73.2 51.7)  <- oversubscribed
T=256      32.9 Mops/s  (32.9 30.5 36.5)  <- oversubscribed
wrote sharded_ttas.csv
# ./bench sharded:rw shards=4096 mix=100/0/0 writers=0
# cores=128 hwthreads=128 sockets=2 cores/socket=64 pin order: 0 1 2 3 4 5 6 7 8 9 10 11 12 13 14 15 16 17 18 19 20 21 22 23 24 25 26 27 28 29 30 31 32 33 34 35 36 37 38 39 40 41 42 43 44 45 46 47 48 49 50 51 52 53 54 55 56 57 58 59 60 61 62 63 64 65 66 67 68 69 70 71 72 73 74 75 76 77 78 79 80 81 82 83 84 85 86 87 88 89 90 91 92 93 94 95 96 97 98 99 100 101 102 103 104 105 106 107 108 109 110 111 112 113 114 115 116 117 118 119 120 121 122 123 124 125 126 127
T=1         8.6 Mops/s  (8.6 8.1 8.6)
T=2        16.9 Mops/s  (17.0 16.9 16.9)
T=4        32.7 Mops/s  (33.2 31.5 32.7)
T=8        64.7 Mops/s  (65.1 64.6 64.7)
T=16       99.9 Mops/s  (99.9 100.1 99.8)
T=32      184.8 Mops/s  (186.9 184.8 184.5)
T=64      346.4 Mops/s  (346.4 347.3 346.2)  <- first socket full
T=96      318.9 Mops/s  (312.0 328.2 318.9)
T=128     431.6 Mops/s  (464.8 431.6 412.1)  <- every core busy
T=192     422.8 Mops/s  (432.1 422.8 408.6)  <- oversubscribed
T=256     433.4 Mops/s  (457.0 431.2 433.4)  <- oversubscribed
wrote sharded_rw.csv
# ./bench sharded:rwp shards=4096 mix=100/0/0 writers=0
# cores=128 hwthreads=128 sockets=2 cores/socket=64 pin order: 0 1 2 3 4 5 6 7 8 9 10 11 12 13 14 15 16 17 18 19 20 21 22 23 24 25 26 27 28 29 30 31 32 33 34 35 36 37 38 39 40 41 42 43 44 45 46 47 48 49 50 51 52 53 54 55 56 57 58 59 60 61 62 63 64 65 66 67 68 69 70 71 72 73 74 75 76 77 78 79 80 81 82 83 84 85 86 87 88 89 90 91 92 93 94 95 96 97 98 99 100 101 102 103 104 105 106 107 108 109 110 111 112 113 114 115 116 117 118 119 120 121 122 123 124 125 126 127
T=1         8.4 Mops/s  (8.6 8.4 8.4)
T=2        17.0 Mops/s  (17.0 17.0 16.9)
T=4        33.2 Mops/s  (33.4 33.2 33.2)
T=8        65.2 Mops/s  (65.2 65.2 65.5)
T=16      100.0 Mops/s  (100.1 99.8 100.0)
T=32      184.2 Mops/s  (185.2 184.2 181.3)
T=64      346.2 Mops/s  (343.6 346.2 347.4)  <- first socket full
T=96      330.9 Mops/s  (330.9 316.0 343.9)
T=128     445.7 Mops/s  (413.2 445.7 458.5)  <- every core busy
T=192     416.0 Mops/s  (432.3 416.0 392.6)  <- oversubscribed
T=256     430.4 Mops/s  (435.9 430.4 424.5)  <- oversubscribed
wrote sharded_rwp.csv
# ./bench sharded:shared_mutex shards=4096 mix=100/0/0 writers=0
# cores=128 hwthreads=128 sockets=2 cores/socket=64 pin order: 0 1 2 3 4 5 6 7 8 9 10 11 12 13 14 15 16 17 18 19 20 21 22 23 24 25 26 27 28 29 30 31 32 33 34 35 36 37 38 39 40 41 42 43 44 45 46 47 48 49 50 51 52 53 54 55 56 57 58 59 60 61 62 63 64 65 66 67 68 69 70 71 72 73 74 75 76 77 78 79 80 81 82 83 84 85 86 87 88 89 90 91 92 93 94 95 96 97 98 99 100 101 102 103 104 105 106 107 108 109 110 111 112 113 114 115 116 117 118 119 120 121 122 123 124 125 126 127
T=1         6.8 Mops/s  (7.1 6.8 6.8)
T=2        14.0 Mops/s  (14.1 14.0 14.0)
T=4        28.2 Mops/s  (28.3 28.2 28.2)
T=8        56.0 Mops/s  (55.5 56.4 56.0)
T=16       92.7 Mops/s  (92.7 92.7 92.7)
T=32      184.5 Mops/s  (184.5 183.8 186.1)
T=64      358.4 Mops/s  (359.4 358.4 355.3)  <- first socket full
T=96      400.9 Mops/s  (353.7 453.6 400.9)
T=128     574.5 Mops/s  (568.3 575.3 574.5)  <- every core busy
T=192     569.7 Mops/s  (569.7 567.3 572.9)  <- oversubscribed
T=256     565.5 Mops/s  (573.1 564.9 565.5)  <- oversubscribed
wrote sharded_shared_mutex.csv
