# ./bench sharded:ttas shards=1 mix=100/0/0 writers=0
# cores=128 hwthreads=128 sockets=2 cores/socket=64 pin order: 0 1 2 3 4 5 6 7 8 9 10 11 12 13 14 15 16 17 18 19 20 21 22 23 24 25 26 27 28 29 30 31 32 33 34 35 36 37 38 39 40 41 42 43 44 45 46 47 48 49 50 51 52 53 54 55 56 57 58 59 60 61 62 63 64 65 66 67 68 69 70 71 72 73 74 75 76 77 78 79 80 81 82 83 84 85 86 87 88 89 90 91 92 93 94 95 96 97 98 99 100 101 102 103 104 105 106 107 108 109 110 111 112 113 114 115 116 117 118 119 120 121 122 123 124 125 126 127
T=1         2.7 Mops/s  (2.5 2.7 2.7)
T=2         2.6 Mops/s  (2.6 2.6 2.6)
T=4         2.4 Mops/s  (2.5 2.4 2.4)
T=8         2.3 Mops/s  (2.4 2.3 2.3)
T=16        1.7 Mops/s  (1.7 1.7 1.7)
T=32        1.5 Mops/s  (1.5 1.4 1.5)
T=64        1.5 Mops/s  (1.5 1.5 1.5)  <- first socket full
T=96        1.0 Mops/s  (1.0 1.0 1.0)
T=128       0.9 Mops/s  (0.9 0.8 0.9)  <- every core busy
T=192       0.5 Mops/s  (0.6 0.5 0.5)  <- oversubscribed
T=256       0.5 Mops/s  (0.5 0.5 0.5)  <- oversubscribed
wrote sharded_ttas.csv
# ./bench sharded:rw shards=1 mix=100/0/0 writers=0
# cores=128 hwthreads=128 sockets=2 cores/socket=64 pin order: 0 1 2 3 4 5 6 7 8 9 10 11 12 13 14 15 16 17 18 19 20 21 22 23 24 25 26 27 28 29 30 31 32 33 34 35 36 37 38 39 40 41 42 43 44 45 46 47 48 49 50 51 52 53 54 55 56 57 58 59 60 61 62 63 64 65 66 67 68 69 70 71 72 73 74 75 76 77 78 79 80 81 82 83 84 85 86 87 88 89 90 91 92 93 94 95 96 97 98 99 100 101 102 103 104 105 106 107 108 109 110 111 112 113 114 115 116 117 118 119 120 121 122 123 124 125 126 127
T=1         2.4 Mops/s  (2.4 2.4 2.4)
T=2         4.8 Mops/s  (4.9 4.8 4.6)
T=4         9.1 Mops/s  (9.1 9.3 9.1)
T=8        11.4 Mops/s  (11.4 11.4 11.4)
T=16        9.4 Mops/s  (9.4 9.5 9.4)
T=32        9.6 Mops/s  (9.6 9.6 9.6)
T=64        9.4 Mops/s  (9.4 9.4 9.4)  <- first socket full
T=96        7.7 Mops/s  (7.8 7.7 7.7)
T=128       7.8 Mops/s  (7.8 7.9 7.8)  <- every core busy
T=192       7.8 Mops/s  (7.9 7.8 7.8)  <- oversubscribed
T=256       7.8 Mops/s  (7.8 7.7 7.8)  <- oversubscribed
wrote sharded_rw.csv
# ./bench sharded:rwp shards=1 mix=100/0/0 writers=0
# cores=128 hwthreads=128 sockets=2 cores/socket=64 pin order: 0 1 2 3 4 5 6 7 8 9 10 11 12 13 14 15 16 17 18 19 20 21 22 23 24 25 26 27 28 29 30 31 32 33 34 35 36 37 38 39 40 41 42 43 44 45 46 47 48 49 50 51 52 53 54 55 56 57 58 59 60 61 62 63 64 65 66 67 68 69 70 71 72 73 74 75 76 77 78 79 80 81 82 83 84 85 86 87 88 89 90 91 92 93 94 95 96 97 98 99 100 101 102 103 104 105 106 107 108 109 110 111 112 113 114 115 116 117 118 119 120 121 122 123 124 125 126 127
T=1         2.7 Mops/s  (2.7 2.7 2.7)
T=2         5.1 Mops/s  (5.1 5.1 5.1)
T=4         9.5 Mops/s  (9.5 9.5 9.4)
T=8        11.6 Mops/s  (11.6 11.6 11.6)
T=16        9.5 Mops/s  (9.5 9.5 9.4)
T=32        9.6 Mops/s  (9.6 9.6 9.6)
T=64        9.4 Mops/s  (9.4 9.4 9.4)  <- first socket full
T=96        7.8 Mops/s  (7.8 7.9 7.8)
T=128       7.9 Mops/s  (7.9 7.9 7.8)  <- every core busy
T=192       7.9 Mops/s  (7.8 7.9 7.9)  <- oversubscribed
T=256       7.9 Mops/s  (7.9 7.9 7.9)  <- oversubscribed
wrote sharded_rwp.csv
# ./bench sharded:shared_mutex shards=1 mix=100/0/0 writers=0
# cores=128 hwthreads=128 sockets=2 cores/socket=64 pin order: 0 1 2 3 4 5 6 7 8 9 10 11 12 13 14 15 16 17 18 19 20 21 22 23 24 25 26 27 28 29 30 31 32 33 34 35 36 37 38 39 40 41 42 43 44 45 46 47 48 49 50 51 52 53 54 55 56 57 58 59 60 61 62 63 64 65 66 67 68 69 70 71 72 73 74 75 76 77 78 79 80 81 82 83 84 85 86 87 88 89 90 91 92 93 94 95 96 97 98 99 100 101 102 103 104 105 106 107 108 109 110 111 112 113 114 115 116 117 118 119 120 121 122 123 124 125 126 127
T=1         2.3 Mops/s  (2.3 2.3 2.2)
T=2         4.7 Mops/s  (4.7 4.7 4.7)
T=4         9.3 Mops/s  (9.2 9.3 9.3)
T=8        15.4 Mops/s  (15.3 15.4 15.4)
T=16       14.4 Mops/s  (14.4 14.4 14.4)
T=32       14.7 Mops/s  (14.7 14.7 14.8)
T=64       14.4 Mops/s  (14.4 14.4 14.5)  <- first socket full
T=96       12.7 Mops/s  (11.9 12.7 13.5)
T=128      13.5 Mops/s  (13.5 13.7 13.5)  <- every core busy
T=192      13.5 Mops/s  (14.3 13.5 13.5)  <- oversubscribed
T=256      13.5 Mops/s  (13.5 13.5 13.4)  <- oversubscribed
wrote sharded_shared_mutex.csv
