# ./bench sharded:ttas shards=256 mix=50/25/25 writers=0
# cores=128 hwthreads=128 sockets=2 cores/socket=64 pin order: 0 1 2 3 4 5 6 7 8 9 10 11 12 13 14 15 16 17 18 19 20 21 22 23 24 25 26 27 28 29 30 31 32 33 34 35 36 37 38 39 40 41 42 43 44 45 46 47 48 49 50 51 52 53 54 55 56 57 58 59 60 61 62 63 64 65 66 67 68 69 70 71 72 73 74 75 76 77 78 79 80 81 82 83 84 85 86 87 88 89 90 91 92 93 94 95 96 97 98 99 100 101 102 103 104 105 106 107 108 109 110 111 112 113 114 115 116 117 118 119 120 121 122 123 124 125 126 127
T=1         3.2 Mops/s  (3.2 3.2 3.2)
T=2         6.0 Mops/s  (6.0 6.0 6.0)
T=4        11.5 Mops/s  (11.4 11.5 11.6)
T=8        21.8 Mops/s  (21.8 21.8 21.8)
T=16       32.1 Mops/s  (31.8 32.3 32.1)
T=32       50.9 Mops/s  (50.3 50.9 50.9)
T=64       75.0 Mops/s  (74.7 75.0 75.4)  <- first socket full
T=96       11.1 Mops/s  (11.1 10.2 69.0)
T=128      63.2 Mops/s  (63.2 72.7 60.0)  <- every core busy
T=192       5.0 Mops/s  (4.1 5.0 5.2)  <- oversubscribed
T=256       3.5 Mops/s  (3.5 4.6 3.1)  <- oversubscribed
wrote sharded_ttas.csv
# ./bench sharded:rw shards=256 mix=50/25/25 writers=0
# cores=128 hwthreads=128 sockets=2 cores/socket=64 pin order: 0 1 2 3 4 5 6 7 8 9 10 11 12 13 14 15 16 17 18 19 20 21 22 23 24 25 26 27 28 29 30 31 32 33 34 35 36 37 38 39 40 41 42 43 44 45 46 47 48 49 50 51 52 53 54 55 56 57 58 59 60 61 62 63 64 65 66 67 68 69 70 71 72 73 74 75 76 77 78 79 80 81 82 83 84 85 86 87 88 89 90 91 92 93 94 95 96 97 98 99 100 101 102 103 104 105 106 107 108 109 110 111 112 113 114 115 116 117 118 119 120 121 122 123 124 125 126 127
T=1         3.2 Mops/s  (3.2 3.2 3.2)
T=2         6.0 Mops/s  (6.0 6.0 6.1)
T=4        11.2 Mops/s  (11.2 11.4 11.1)
T=8        21.4 Mops/s  (21.3 21.4 21.5)
T=16       31.7 Mops/s  (31.7 31.4 31.7)
T=32       50.3 Mops/s  (49.8 50.3 50.5)
T=64       76.2 Mops/s  (75.4 76.2 76.6)  <- first socket full
T=96       12.3 Mops/s  (12.3 11.2 36.5)
T=128      76.2 Mops/s  (76.2 76.2 70.2)  <- every core busy
T=192       4.7 Mops/s  (6.2 4.7 4.1)  <- oversubscribed
T=256       4.5 Mops/s  (4.5 3.8 7.1)  <- oversubscribed
wrote sharded_rw.csv
# ./bench sharded:rwp shards=256 mix=50/25/25 writers=0
# cores=128 hwthreads=128 sockets=2 cores/socket=64 pin order: 0 1 2 3 4 5 6 7 8 9 10 11 12 13 14 15 16 17 18 19 20 21 22 23 24 25 26 27 28 29 30 31 32 33 34 35 36 37 38 39 40 41 42 43 44 45 46 47 48 49 50 51 52 53 54 55 56 57 58 59 60 61 62 63 64 65 66 67 68 69 70 71 72 73 74 75 76 77 78 79 80 81 82 83 84 85 86 87 88 89 90 91 92 93 94 95 96 97 98 99 100 101 102 103 104 105 106 107 108 109 110 111 112 113 114 115 116 117 118 119 120 121 122 123 124 125 126 127
T=1         3.1 Mops/s  (3.1 3.0 3.1)
T=2         6.0 Mops/s  (5.7 6.0 6.1)
T=4        11.4 Mops/s  (11.4 11.4 11.4)
T=8        21.6 Mops/s  (21.5 21.6 21.6)
T=16       31.7 Mops/s  (31.6 31.7 31.7)
T=32       50.4 Mops/s  (49.8 50.4 51.4)
T=64       75.4 Mops/s  (71.1 75.8 75.4)  <- first socket full
T=96        8.1 Mops/s  (7.3 29.5 8.1)
T=128      68.6 Mops/s  (54.6 68.6 69.8)  <- every core busy
T=192       3.3 Mops/s  (3.3 3.1 3.9)  <- oversubscribed
T=256       2.5 Mops/s  (5.6 2.5 1.9)  <- oversubscribed
wrote sharded_rwp.csv
# ./bench sharded:shared_mutex shards=256 mix=50/25/25 writers=0
# cores=128 hwthreads=128 sockets=2 cores/socket=64 pin order: 0 1 2 3 4 5 6 7 8 9 10 11 12 13 14 15 16 17 18 19 20 21 22 23 24 25 26 27 28 29 30 31 32 33 34 35 36 37 38 39 40 41 42 43 44 45 46 47 48 49 50 51 52 53 54 55 56 57 58 59 60 61 62 63 64 65 66 67 68 69 70 71 72 73 74 75 76 77 78 79 80 81 82 83 84 85 86 87 88 89 90 91 92 93 94 95 96 97 98 99 100 101 102 103 104 105 106 107 108 109 110 111 112 113 114 115 116 117 118 119 120 121 122 123 124 125 126 127
T=1         2.9 Mops/s  (2.9 2.9 2.9)
T=2         5.4 Mops/s  (5.5 5.4 5.4)
T=4         9.9 Mops/s  (10.0 9.9 9.9)
T=8        17.5 Mops/s  (17.5 17.6 17.3)
T=16       23.1 Mops/s  (23.1 23.2 23.0)
T=32       32.1 Mops/s  (32.2 30.6 32.1)
T=64       39.0 Mops/s  (39.0 31.6 40.4)  <- first socket full
T=96       27.5 Mops/s  (27.7 26.1 27.5)
T=128      23.5 Mops/s  (22.8 24.1 23.5)  <- every core busy
T=192      21.3 Mops/s  (21.3 20.8 21.9)  <- oversubscribed
T=256      20.0 Mops/s  (21.0 20.0 19.9)  <- oversubscribed
wrote sharded_shared_mutex.csv
