==================
WARNING: ThreadSanitizer: data race (pid=2978213)
  Read of size 4 at 0x7ffee6abdadc by thread T18:
    #0 operator() ../tests/test_locks.cpp:62 (test_locks_tsan+0x402e83)
    #1 __invoke_impl<void, test_mutual_exclusion<TASLock>(char const*, int, int)::<lambda()> > /opt/apps/gcc/11.2.0/include/c++/11.2.0/bits/invoke.h:61 (test_locks_tsan+0x402e83)
    #2 __invoke<test_mutual_exclusion<TASLock>(char const*, int, int)::<lambda()> > /opt/apps/gcc/11.2.0/include/c++/11.2.0/bits/invoke.h:96 (test_locks_tsan+0x402e83)
    #3 _M_invoke<0> /opt/apps/gcc/11.2.0/include/c++/11.2.0/bits/std_thread.h:253 (test_locks_tsan+0x402e83)
    #4 operator() /opt/apps/gcc/11.2.0/include/c++/11.2.0/bits/std_thread.h:260 (test_locks_tsan+0x402e83)
    #5 _M_run /opt/apps/gcc/11.2.0/include/c++/11.2.0/bits/std_thread.h:211 (test_locks_tsan+0x402e83)
    #6 execute_native_thread_routine ../../../.././libstdc++-v3/src/c++11/thread.cc:82 (libstdc++.so.6+0xdfa23)

  Previous write of size 4 at 0x7ffee6abdadc by thread T17:
    #0 operator() ../tests/test_locks.cpp:62 (test_locks_tsan+0x402e92)
    #1 __invoke_impl<void, test_mutual_exclusion<TASLock>(char const*, int, int)::<lambda()> > /opt/apps/gcc/11.2.0/include/c++/11.2.0/bits/invoke.h:61 (test_locks_tsan+0x402e92)
    #2 __invoke<test_mutual_exclusion<TASLock>(char const*, int, int)::<lambda()> > /opt/apps/gcc/11.2.0/include/c++/11.2.0/bits/invoke.h:96 (test_locks_tsan+0x402e92)
    #3 _M_invoke<0> /opt/apps/gcc/11.2.0/include/c++/11.2.0/bits/std_thread.h:253 (test_locks_tsan+0x402e92)
    #4 operator() /opt/apps/gcc/11.2.0/include/c++/11.2.0/bits/std_thread.h:260 (test_locks_tsan+0x402e92)
    #5 _M_run /opt/apps/gcc/11.2.0/include/c++/11.2.0/bits/std_thread.h:211 (test_locks_tsan+0x402e92)
    #6 execute_native_thread_routine ../../../.././libstdc++-v3/src/c++11/thread.cc:82 (libstdc++.so.6+0xdfa23)

  Location is stack of main thread.

  Location is global '<null>' at 0x000000000000 ([stack]+0x00000001fadc)

  Thread T18 (tid=2978233, running) created by main thread at:
    #0 pthread_create ../../.././libsanitizer/tsan/tsan_interceptors_posix.cpp:969 (libtsan.so.0+0x5edc5)
    #1 std::thread::_M_start_thread(std::unique_ptr<std::thread::_State, std::default_delete<std::thread::_State> >, void (*)()) /admin/build/admin/rpms/ls6/BUILD/gcc-11.2.0/x86_64-pc-linux-gnu/libstdc++-v3/include/x86_64-pc-linux-gnu/bits/gthr-default.h:663 (libstdc++.so.6+0xdfcd9)
    #2 main ../tests/test_locks.cpp:139 (test_locks_tsan+0x406f0c)

  Thread T17 (tid=2978232, finished) created by main thread at:
    #0 pthread_create ../../.././libsanitizer/tsan/tsan_interceptors_posix.cpp:969 (libtsan.so.0+0x5edc5)
    #1 std::thread::_M_start_thread(std::unique_ptr<std::thread::_State, std::default_delete<std::thread::_State> >, void (*)()) /admin/build/admin/rpms/ls6/BUILD/gcc-11.2.0/x86_64-pc-linux-gnu/libstdc++-v3/include/x86_64-pc-linux-gnu/bits/gthr-default.h:663 (libstdc++.so.6+0xdfcd9)
    #2 main ../tests/test_locks.cpp:139 (test_locks_tsan+0x406f0c)

SUMMARY: ThreadSanitizer: data race ../tests/test_locks.cpp:62 in operator()
==================
