# ./bench sharded:ttas shards=256 mix=50/25/25 writers=0
# cores=128 hwthreads=128 sockets=2 cores/socket=64 pin order: 0 1 2 3 4 5 6 7 8 9 10 11 12 13 14 15 16 17 18 19 20 21 22 23 24 25 26 27 28 29 30 31 32 33 34 35 36 37 38 39 40 41 42 43 44 45 46 47 48 49 50 51 52 53 54 55 56 57 58 59 60 61 62 63 64 65 66 67 68 69 70 71 72 73 74 75 76 77 78 79 80 81 82 83 84 85 86 87 88 89 90 91 92 93 94 95 96 97 98 99 100 101 102 103 104 105 106 107 108 109 110 111 112 113 114 115 116 117 118 119 120 121 122 123 124 125 126 127
T=64       74.8 Mops/s  (74.4 74.8 75.0)  <- first socket full
T=96        8.2 Mops/s  (6.3 8.2 12.6)
T=128      69.4 Mops/s  (69.4 71.7 52.7)  <- every core busy
wrote sharded_ttas.csv
# ./bench sharded:rw shards=256 mix=50/25/25 writers=0
# cores=128 hwthreads=128 sockets=2 cores/socket=64 pin order: 0 1 2 3 4 5 6 7 8 9 10 11 12 13 14 15 16 17 18 19 20 21 22 23 24 25 26 27 28 29 30 31 32 33 34 35 36 37 38 39 40 41 42 43 44 45 46 47 48 49 50 51 52 53 54 55 56 57 58 59 60 61 62 63 64 65 66 67 68 69 70 71 72 73 74 75 76 77 78 79 80 81 82 83 84 85 86 87 88 89 90 91 92 93 94 95 96 97 98 99 100 101 102 103 104 105 106 107 108 109 110 111 112 113 114 115 116 117 118 119 120 121 122 123 124 125 126 127
T=64       75.1 Mops/s  (75.1 77.4 74.5)  <- first socket full
T=96       16.8 Mops/s  (8.9 16.8 44.9)
T=128      74.9 Mops/s  (74.9 74.4 75.3)  <- every core busy
wrote sharded_rw.csv
# ./bench sharded:rwp shards=256 mix=50/25/25 writers=0
# cores=128 hwthreads=128 sockets=2 cores/socket=64 pin order: 0 1 2 3 4 5 6 7 8 9 10 11 12 13 14 15 16 17 18 19 20 21 22 23 24 25 26 27 28 29 30 31 32 33 34 35 36 37 38 39 40 41 42 43 44 45 46 47 48 49 50 51 52 53 54 55 56 57 58 59 60 61 62 63 64 65 66 67 68 69 70 71 72 73 74 75 76 77 78 79 80 81 82 83 84 85 86 87 88 89 90 91 92 93 94 95 96 97 98 99 100 101 102 103 104 105 106 107 108 109 110 111 112 113 114 115 116 117 118 119 120 121 122 123 124 125 126 127
T=64       75.3 Mops/s  (74.1 75.5 75.3)  <- first socket full
T=96        7.1 Mops/s  (7.1 5.5 16.2)
T=128      72.6 Mops/s  (72.6 52.4 73.0)  <- every core busy
wrote sharded_rwp.csv
# ./bench sharded:shared_mutex shards=256 mix=50/25/25 writers=0
# cores=128 hwthreads=128 sockets=2 cores/socket=64 pin order: 0 1 2 3 4 5 6 7 8 9 10 11 12 13 14 15 16 17 18 19 20 21 22 23 24 25 26 27 28 29 30 31 32 33 34 35 36 37 38 39 40 41 42 43 44 45 46 47 48 49 50 51 52 53 54 55 56 57 58 59 60 61 62 63 64 65 66 67 68 69 70 71 72 73 74 75 76 77 78 79 80 81 82 83 84 85 86 87 88 89 90 91 92 93 94 95 96 97 98 99 100 101 102 103 104 105 106 107 108 109 110 111 112 113 114 115 116 117 118 119 120 121 122 123 124 125 126 127
T=64       38.5 Mops/s  (38.5 38.1 39.4)  <- first socket full
T=96       27.0 Mops/s  (26.1 27.2 27.0)
T=128      22.8 Mops/s  (22.8 22.8 22.6)  <- every core busy
wrote sharded_shared_mutex.csv
