# ./bench sharded:ttas shards=1 mix=80/10/10 writers=0
# cores=128 hwthreads=128 sockets=2 cores/socket=64 pin order: 0 1 2 3 4 5 6 7 8 9 10 11 12 13 14 15 16 17 18 19 20 21 22 23 24 25 26 27 28 29 30 31 32 33 34 35 36 37 38 39 40 41 42 43 44 45 46 47 48 49 50 51 52 53 54 55 56 57 58 59 60 61 62 63 64 65 66 67 68 69 70 71 72 73 74 75 76 77 78 79 80 81 82 83 84 85 86 87 88 89 90 91 92 93 94 95 96 97 98 99 100 101 102 103 104 105 106 107 108 109 110 111 112 113 114 115 116 117 118 119 120 121 122 123 124 125 126 127
T=1         2.8 Mops/s  (2.8 2.7 2.8)
T=2         2.6 Mops/s  (2.7 2.6 2.6)
T=4         2.5 Mops/s  (2.5 2.5 2.5)
T=8         2.4 Mops/s  (2.3 2.4 2.4)
T=16        1.7 Mops/s  (1.7 1.7 1.7)
T=32        1.4 Mops/s  (1.4 1.4 1.4)
T=64        1.3 Mops/s  (1.3 1.3 1.4)  <- first socket full
T=96        0.9 Mops/s  (0.7 0.9 0.9)
T=128       0.8 Mops/s  (0.8 0.8 0.8)  <- every core busy
T=192       0.5 Mops/s  (0.6 0.5 0.4)  <- oversubscribed
T=256       0.4 Mops/s  (0.4 0.5 0.4)  <- oversubscribed
wrote sharded_ttas.csv
# ./bench sharded:rw shards=1 mix=80/10/10 writers=0
# cores=128 hwthreads=128 sockets=2 cores/socket=64 pin order: 0 1 2 3 4 5 6 7 8 9 10 11 12 13 14 15 16 17 18 19 20 21 22 23 24 25 26 27 28 29 30 31 32 33 34 35 36 37 38 39 40 41 42 43 44 45 46 47 48 49 50 51 52 53 54 55 56 57 58 59 60 61 62 63 64 65 66 67 68 69 70 71 72 73 74 75 76 77 78 79 80 81 82 83 84 85 86 87 88 89 90 91 92 93 94 95 96 97 98 99 100 101 102 103 104 105 106 107 108 109 110 111 112 113 114 115 116 117 118 119 120 121 122 123 124 125 126 127
T=1         2.5 Mops/s  (2.4 2.5 2.6)
T=2         3.6 Mops/s  (3.6 3.3 3.6)
T=4         3.9 Mops/s  (3.9 3.9 3.9)
T=8         3.1 Mops/s  (3.1 3.1 3.1)
T=16        1.7 Mops/s  (1.7 1.7 1.7)
T=32        0.9 Mops/s  (1.0 0.9 0.9)
T=64        0.5 Mops/s  (0.5 0.5 0.5)  <- first socket full
T=96        0.3 Mops/s  (0.3 0.3 0.2)
T=128       0.2 Mops/s  (0.2 0.2 0.2)  <- every core busy
T=192       0.1 Mops/s  (0.1 0.1 0.1)  <- oversubscribed
T=256       0.1 Mops/s  (0.1 0.1 0.1)  <- oversubscribed
wrote sharded_rw.csv
# ./bench sharded:rwp shards=1 mix=80/10/10 writers=0
# cores=128 hwthreads=128 sockets=2 cores/socket=64 pin order: 0 1 2 3 4 5 6 7 8 9 10 11 12 13 14 15 16 17 18 19 20 21 22 23 24 25 26 27 28 29 30 31 32 33 34 35 36 37 38 39 40 41 42 43 44 45 46 47 48 49 50 51 52 53 54 55 56 57 58 59 60 61 62 63 64 65 66 67 68 69 70 71 72 73 74 75 76 77 78 79 80 81 82 83 84 85 86 87 88 89 90 91 92 93 94 95 96 97 98 99 100 101 102 103 104 105 106 107 108 109 110 111 112 113 114 115 116 117 118 119 120 121 122 123 124 125 126 127
T=1         2.7 Mops/s  (2.5 2.7 2.8)
T=2         4.0 Mops/s  (4.0 4.0 4.0)
T=4         4.5 Mops/s  (4.5 4.5 4.5)
T=8         4.0 Mops/s  (4.0 4.0 4.0)
T=16        2.4 Mops/s  (2.3 2.4 2.4)
T=32        1.8 Mops/s  (1.8 1.8 1.8)
T=64        1.2 Mops/s  (1.2 1.2 1.2)  <- first socket full
T=96        0.5 Mops/s  (0.5 0.6 0.4)
T=128       0.7 Mops/s  (0.7 0.7 0.7)  <- every core busy
T=192       0.2 Mops/s  (0.2 0.2 0.2)  <- oversubscribed
T=256       0.1 Mops/s  (0.1 0.1 0.1)  <- oversubscribed
wrote sharded_rwp.csv
# ./bench sharded:shared_mutex shards=1 mix=80/10/10 writers=0
# cores=128 hwthreads=128 sockets=2 cores/socket=64 pin order: 0 1 2 3 4 5 6 7 8 9 10 11 12 13 14 15 16 17 18 19 20 21 22 23 24 25 26 27 28 29 30 31 32 33 34 35 36 37 38 39 40 41 42 43 44 45 46 47 48 49 50 51 52 53 54 55 56 57 58 59 60 61 62 63 64 65 66 67 68 69 70 71 72 73 74 75 76 77 78 79 80 81 82 83 84 85 86 87 88 89 90 91 92 93 94 95 96 97 98 99 100 101 102 103 104 105 106 107 108 109 110 111 112 113 114 115 116 117 118 119 120 121 122 123 124 125 126 127
T=1         2.4 Mops/s  (2.3 2.4 2.4)
T=2         1.1 Mops/s  (1.1 1.1 1.1)
T=4         1.1 Mops/s  (1.1 1.1 1.1)
T=8         1.0 Mops/s  (1.1 1.0 1.0)
T=16        0.7 Mops/s  (0.7 0.7 0.7)
T=32        0.6 Mops/s  (0.6 0.6 0.6)
T=64        0.5 Mops/s  (0.5 0.5 0.5)  <- first socket full
T=96        0.4 Mops/s  (0.4 0.4 0.4)
T=128       0.4 Mops/s  (0.3 0.4 0.4)  <- every core busy
T=192       0.4 Mops/s  (0.4 0.4 0.4)  <- oversubscribed
T=256       0.4 Mops/s  (0.4 0.4 0.4)  <- oversubscribed
wrote sharded_shared_mutex.csv
