# ./bench sharded:mutex shards=4096 mix=80/10/10 writers=0
# cores=128 hwthreads=128 sockets=2 cores/socket=64 pin order: 0 1 2 3 4 5 6 7 8 9 10 11 12 13 14 15 16 17 18 19 20 21 22 23 24 25 26 27 28 29 30 31 32 33 34 35 36 37 38 39 40 41 42 43 44 45 46 47 48 49 50 51 52 53 54 55 56 57 58 59 60 61 62 63 64 65 66 67 68 69 70 71 72 73 74 75 76 77 78 79 80 81 82 83 84 85 86 87 88 89 90 91 92 93 94 95 96 97 98 99 100 101 102 103 104 105 106 107 108 109 110 111 112 113 114 115 116 117 118 119 120 121 122 123 124 125 126 127
T=1         4.7 Mops/s  (4.7 4.7 4.7)
T=2         8.9 Mops/s  (8.9 8.9 8.9)
T=4        17.0 Mops/s  (17.0 17.1 16.8)
T=8        31.9 Mops/s  (31.8 31.9 31.9)
T=16       50.6 Mops/s  (50.5 50.6 50.6)
T=32       86.5 Mops/s  (86.2 86.7 86.5)
T=64      141.7 Mops/s  (142.8 141.6 141.7)  <- first socket full
T=96      134.0 Mops/s  (133.9 139.9 134.0)
T=128     155.1 Mops/s  (154.0 155.1 155.7)  <- every core busy
T=192     154.9 Mops/s  (155.2 154.9 154.4)  <- oversubscribed
T=256     154.4 Mops/s  (154.4 155.5 154.3)  <- oversubscribed
wrote sharded_mutex.csv
# ./bench sharded:tas shards=4096 mix=80/10/10 writers=0
# cores=128 hwthreads=128 sockets=2 cores/socket=64 pin order: 0 1 2 3 4 5 6 7 8 9 10 11 12 13 14 15 16 17 18 19 20 21 22 23 24 25 26 27 28 29 30 31 32 33 34 35 36 37 38 39 40 41 42 43 44 45 46 47 48 49 50 51 52 53 54 55 56 57 58 59 60 61 62 63 64 65 66 67 68 69 70 71 72 73 74 75 76 77 78 79 80 81 82 83 84 85 86 87 88 89 90 91 92 93 94 95 96 97 98 99 100 101 102 103 104 105 106 107 108 109 110 111 112 113 114 115 116 117 118 119 120 121 122 123 124 125 126 127
T=1         5.3 Mops/s  (5.4 5.3 5.3)
T=2        10.3 Mops/s  (9.9 10.3 10.3)
T=4        19.4 Mops/s  (19.7 19.4 19.4)
T=8        37.3 Mops/s  (37.5 36.9 37.3)
T=16       58.8 Mops/s  (59.2 58.8 57.4)
T=32      103.4 Mops/s  (103.4 103.5 102.7)
T=64      173.8 Mops/s  (174.9 173.8 173.7)  <- first socket full
T=96       51.0 Mops/s  (39.7 69.0 51.0)
T=128     152.3 Mops/s  (150.1 179.1 152.3)  <- every core busy
T=192      22.8 Mops/s  (22.8 24.1 21.6)  <- oversubscribed
T=256      24.8 Mops/s  (26.8 24.8 16.1)  <- oversubscribed
wrote sharded_tas.csv
# ./bench sharded:ttas shards=4096 mix=80/10/10 writers=0
# cores=128 hwthreads=128 sockets=2 cores/socket=64 pin order: 0 1 2 3 4 5 6 7 8 9 10 11 12 13 14 15 16 17 18 19 20 21 22 23 24 25 26 27 28 29 30 31 32 33 34 35 36 37 38 39 40 41 42 43 44 45 46 47 48 49 50 51 52 53 54 55 56 57 58 59 60 61 62 63 64 65 66 67 68 69 70 71 72 73 74 75 76 77 78 79 80 81 82 83 84 85 86 87 88 89 90 91 92 93 94 95 96 97 98 99 100 101 102 103 104 105 106 107 108 109 110 111 112 113 114 115 116 117 118 119 120 121 122 123 124 125 126 127
T=1         5.3 Mops/s  (5.3 5.3 5.1)
T=2        10.0 Mops/s  (9.9 10.0 10.0)
T=4        19.4 Mops/s  (19.1 19.4 19.6)
T=8        37.3 Mops/s  (37.3 36.7 37.3)
T=16       58.7 Mops/s  (58.7 59.1 58.2)
T=32      102.2 Mops/s  (101.8 102.2 102.2)
T=64      171.0 Mops/s  (171.9 171.0 169.1)  <- first socket full
T=96       61.8 Mops/s  (33.4 113.0 61.8)
T=128     169.8 Mops/s  (184.1 169.8 166.2)  <- every core busy
T=192      25.9 Mops/s  (24.7 26.3 25.9)  <- oversubscribed
T=256      28.5 Mops/s  (23.6 32.5 28.5)  <- oversubscribed
wrote sharded_ttas.csv
# ./bench sharded:ticket shards=4096 mix=80/10/10 writers=0
# cores=128 hwthreads=128 sockets=2 cores/socket=64 pin order: 0 1 2 3 4 5 6 7 8 9 10 11 12 13 14 15 16 17 18 19 20 21 22 23 24 25 26 27 28 29 30 31 32 33 34 35 36 37 38 39 40 41 42 43 44 45 46 47 48 49 50 51 52 53 54 55 56 57 58 59 60 61 62 63 64 65 66 67 68 69 70 71 72 73 74 75 76 77 78 79 80 81 82 83 84 85 86 87 88 89 90 91 92 93 94 95 96 97 98 99 100 101 102 103 104 105 106 107 108 109 110 111 112 113 114 115 116 117 118 119 120 121 122 123 124 125 126 127
T=1         5.3 Mops/s  (5.2 5.3 5.4)
T=2        10.3 Mops/s  (10.3 10.3 10.5)
T=4        20.1 Mops/s  (20.1 20.1 20.1)
T=8        38.5 Mops/s  (38.8 38.4 38.5)
T=16       58.8 Mops/s  (58.9 58.8 58.7)
T=32      101.6 Mops/s  (101.8 101.6 101.1)
T=64      171.7 Mops/s  (149.1 172.0 171.7)  <- first socket full
T=96       30.0 Mops/s  (30.0 29.3 55.7)
T=128     187.4 Mops/s  (187.4 177.8 191.4)  <- every core busy
T=192      44.3 Mops/s  (40.9 49.1 44.3)  <- oversubscribed
T=256      51.7 Mops/s  (48.0 51.7 53.2)  <- oversubscribed
wrote sharded_ticket.csv
# ./bench sharded:park shards=4096 mix=80/10/10 writers=0
# cores=128 hwthreads=128 sockets=2 cores/socket=64 pin order: 0 1 2 3 4 5 6 7 8 9 10 11 12 13 14 15 16 17 18 19 20 21 22 23 24 25 26 27 28 29 30 31 32 33 34 35 36 37 38 39 40 41 42 43 44 45 46 47 48 49 50 51 52 53 54 55 56 57 58 59 60 61 62 63 64 65 66 67 68 69 70 71 72 73 74 75 76 77 78 79 80 81 82 83 84 85 86 87 88 89 90 91 92 93 94 95 96 97 98 99 100 101 102 103 104 105 106 107 108 109 110 111 112 113 114 115 116 117 118 119 120 121 122 123 124 125 126 127
T=1         5.3 Mops/s  (5.2 5.3 5.3)
T=2        10.2 Mops/s  (10.2 10.1 10.3)
T=4        19.7 Mops/s  (19.8 19.5 19.7)
T=8        37.5 Mops/s  (37.3 37.5 37.6)
T=16       57.9 Mops/s  (57.7 58.1 57.9)
T=32      100.2 Mops/s  (100.2 99.1 100.2)
T=64      167.5 Mops/s  (169.7 166.6 167.5)  <- first socket full
T=96      124.7 Mops/s  (110.7 124.7 155.9)
T=128     186.0 Mops/s  (180.0 192.1 186.0)  <- every core busy
T=192      36.5 Mops/s  (36.5 35.9 43.2)  <- oversubscribed
T=256      33.6 Mops/s  (31.7 35.5 33.6)  <- oversubscribed
wrote sharded_park.csv
