# ./bench coarse shards=256 mix=80/10/10 writers=0
# cores=128 hwthreads=128 sockets=2 cores/socket=64 pin order: 0 1 2 3 4 5 6 7 8 9 10 11 12 13 14 15 16 17 18 19 20 21 22 23 24 25 26 27 28 29 30 31 32 33 34 35 36 37 38 39 40 41 42 43 44 45 46 47 48 49 50 51 52 53 54 55 56 57 58 59 60 61 62 63 64 65 66 67 68 69 70 71 72 73 74 75 76 77 78 79 80 81 82 83 84 85 86 87 88 89 90 91 92 93 94 95 96 97 98 99 100 101 102 103 104 105 106 107 108 109 110 111 112 113 114 115 116 117 118 119 120 121 122 123 124 125 126 127
T=1         2.6 Mops/s  (2.6 2.6 2.6)
T=2         1.5 Mops/s  (1.5 1.5 1.5)
T=4         1.5 Mops/s  (1.5 1.6 1.5)
T=8         1.6 Mops/s  (1.6 1.6 1.6)
T=16        1.0 Mops/s  (1.0 1.0 1.1)
T=32        0.9 Mops/s  (0.9 0.8 0.9)
T=64        0.7 Mops/s  (0.8 0.7 0.7)  <- first socket full
T=96        0.4 Mops/s  (0.4 0.4 0.4)
T=128       0.3 Mops/s  (0.3 0.3 0.3)  <- every core busy
T=192       0.3 Mops/s  (0.3 0.3 0.3)  <- oversubscribed
T=256       0.3 Mops/s  (0.3 0.4 0.3)  <- oversubscribed
wrote coarse.csv
# ./bench sharded:mutex shards=256 mix=80/10/10 writers=0
# cores=128 hwthreads=128 sockets=2 cores/socket=64 pin order: 0 1 2 3 4 5 6 7 8 9 10 11 12 13 14 15 16 17 18 19 20 21 22 23 24 25 26 27 28 29 30 31 32 33 34 35 36 37 38 39 40 41 42 43 44 45 46 47 48 49 50 51 52 53 54 55 56 57 58 59 60 61 62 63 64 65 66 67 68 69 70 71 72 73 74 75 76 77 78 79 80 81 82 83 84 85 86 87 88 89 90 91 92 93 94 95 96 97 98 99 100 101 102 103 104 105 106 107 108 109 110 111 112 113 114 115 116 117 118 119 120 121 122 123 124 125 126 127
T=1         3.2 Mops/s  (3.1 3.2 3.2)
T=2         5.8 Mops/s  (5.8 5.8 5.8)
T=4        10.5 Mops/s  (10.6 10.5 10.5)
T=8        18.4 Mops/s  (18.3 18.4 18.5)
T=16       28.5 Mops/s  (28.4 28.5 28.7)
T=32       41.9 Mops/s  (41.9 42.0 41.9)
T=64       54.6 Mops/s  (51.6 54.6 56.0)  <- first socket full
T=96       47.6 Mops/s  (47.8 47.6 46.4)
T=128      45.2 Mops/s  (45.2 45.3 44.5)  <- every core busy
T=192      50.7 Mops/s  (49.6 51.1 50.7)  <- oversubscribed
T=256      53.8 Mops/s  (54.0 53.4 53.8)  <- oversubscribed
wrote sharded_mutex.csv
