# ./bench sharded:ttas shards=256 mix=100/0/0 writers=0
# cores=128 hwthreads=128 sockets=2 cores/socket=64 pin order: 0 1 2 3 4 5 6 7 8 9 10 11 12 13 14 15 16 17 18 19 20 21 22 23 24 25 26 27 28 29 30 31 32 33 34 35 36 37 38 39 40 41 42 43 44 45 46 47 48 49 50 51 52 53 54 55 56 57 58 59 60 61 62 63 64 65 66 67 68 69 70 71 72 73 74 75 76 77 78 79 80 81 82 83 84 85 86 87 88 89 90 91 92 93 94 95 96 97 98 99 100 101 102 103 104 105 106 107 108 109 110 111 112 113 114 115 116 117 118 119 120 121 122 123 124 125 126 127
T=1         6.4 Mops/s  (6.4 6.4 6.5)
T=2        12.7 Mops/s  (12.5 12.7 12.7)
T=4        24.7 Mops/s  (24.7 24.7 24.8)
T=8        47.5 Mops/s  (47.5 47.8 45.7)
T=16       71.8 Mops/s  (71.9 71.1 71.8)
T=32      127.2 Mops/s  (127.2 128.1 124.5)
T=64      203.3 Mops/s  (205.3 203.3 201.2)  <- first socket full
T=96       37.6 Mops/s  (107.0 37.6 36.6)
T=128     212.4 Mops/s  (212.4 210.6 213.2)  <- every core busy
T=192      18.7 Mops/s  (18.7 22.7 14.1)  <- oversubscribed
T=256      11.1 Mops/s  (9.0 11.3 11.1)  <- oversubscribed
wrote sharded_ttas.csv
# ./bench sharded:rw shards=256 mix=100/0/0 writers=0
# cores=128 hwthreads=128 sockets=2 cores/socket=64 pin order: 0 1 2 3 4 5 6 7 8 9 10 11 12 13 14 15 16 17 18 19 20 21 22 23 24 25 26 27 28 29 30 31 32 33 34 35 36 37 38 39 40 41 42 43 44 45 46 47 48 49 50 51 52 53 54 55 56 57 58 59 60 61 62 63 64 65 66 67 68 69 70 71 72 73 74 75 76 77 78 79 80 81 82 83 84 85 86 87 88 89 90 91 92 93 94 95 96 97 98 99 100 101 102 103 104 105 106 107 108 109 110 111 112 113 114 115 116 117 118 119 120 121 122 123 124 125 126 127
T=1         6.7 Mops/s  (6.7 6.7 6.6)
T=2        12.8 Mops/s  (12.8 12.7 12.9)
T=4        24.9 Mops/s  (25.0 24.8 24.9)
T=8        49.0 Mops/s  (49.0 49.1 48.9)
T=16       76.2 Mops/s  (76.7 74.0 76.2)
T=32      135.1 Mops/s  (135.1 135.8 135.0)
T=64      224.5 Mops/s  (227.5 223.2 224.5)  <- first socket full
T=96      214.1 Mops/s  (210.8 222.1 214.1)
T=128     285.6 Mops/s  (257.0 293.4 285.6)  <- every core busy
T=192     262.9 Mops/s  (268.6 262.9 238.3)  <- oversubscribed
T=256     274.9 Mops/s  (274.9 265.2 275.3)  <- oversubscribed
wrote sharded_rw.csv
# ./bench sharded:rwp shards=256 mix=100/0/0 writers=0
# cores=128 hwthreads=128 sockets=2 cores/socket=64 pin order: 0 1 2 3 4 5 6 7 8 9 10 11 12 13 14 15 16 17 18 19 20 21 22 23 24 25 26 27 28 29 30 31 32 33 34 35 36 37 38 39 40 41 42 43 44 45 46 47 48 49 50 51 52 53 54 55 56 57 58 59 60 61 62 63 64 65 66 67 68 69 70 71 72 73 74 75 76 77 78 79 80 81 82 83 84 85 86 87 88 89 90 91 92 93 94 95 96 97 98 99 100 101 102 103 104 105 106 107 108 109 110 111 112 113 114 115 116 117 118 119 120 121 122 123 124 125 126 127
T=1         6.5 Mops/s  (6.6 6.4 6.5)
