# ./bench sharded:ttas shards=4096 mix=50/25/25 writers=0
# cores=128 hwthreads=128 sockets=2 cores/socket=64 pin order: 0 1 2 3 4 5 6 7 8 9 10 11 12 13 14 15 16 17 18 19 20 21 22 23 24 25 26 27 28 29 30 31 32 33 34 35 36 37 38 39 40 41 42 43 44 45 46 47 48 49 50 51 52 53 54 55 56 57 58 59 60 61 62 63 64 65 66 67 68 69 70 71 72 73 74 75 76 77 78 79 80 81 82 83 84 85 86 87 88 89 90 91 92 93 94 95 96 97 98 99 100 101 102 103 104 105 106 107 108 109 110 111 112 113 114 115 116 117 118 119 120 121 122 123 124 125 126 127
T=1         4.5 Mops/s  (4.6 4.5 4.4)
T=2         8.6 Mops/s  (8.6 8.7 8.6)
T=4        16.6 Mops/s  (16.6 16.6 16.5)
T=8        32.3 Mops/s  (32.6 32.3 32.2)
T=16       48.2 Mops/s  (47.3 48.2 49.2)
T=32       79.9 Mops/s  (76.3 79.9 80.2)
T=64      129.7 Mops/s  (129.0 129.7 129.9)  <- first socket full
T=96       71.7 Mops/s  (115.6 71.7 47.7)
T=128     107.4 Mops/s  (116.0 97.3 107.4)  <- every core busy
T=192      21.5 Mops/s  (15.1 21.5 22.0)  <- oversubscribed
T=256      20.3 Mops/s  (24.9 15.5 20.3)  <- oversubscribed
wrote sharded_ttas.csv
# ./bench sharded:rw shards=4096 mix=50/25/25 writers=0
# cores=128 hwthreads=128 sockets=2 cores/socket=64 pin order: 0 1 2 3 4 5 6 7 8 9 10 11 12 13 14 15 16 17 18 19 20 21 22 23 24 25 26 27 28 29 30 31 32 33 34 35 36 37 38 39 40 41 42 43 44 45 46 47 48 49 50 51 52 53 54 55 56 57 58 59 60 61 62 63 64 65 66 67 68 69 70 71 72 73 74 75 76 77 78 79 80 81 82 83 84 85 86 87 88 89 90 91 92 93 94 95 96 97 98 99 100 101 102 103 104 105 106 107 108 109 110 111 112 113 114 115 116 117 118 119 120 121 122 123 124 125 126 127
T=1         4.3 Mops/s  (3.7 4.3 4.5)
T=2         8.7 Mops/s  (8.7 8.7 8.5)
T=4        16.7 Mops/s  (16.7 16.7 16.6)
T=8        32.8 Mops/s  (32.8 32.9 32.8)
T=16       48.3 Mops/s  (48.3 45.1 48.5)
T=32       80.0 Mops/s  (77.6 80.0 80.3)
T=64      131.0 Mops/s  (131.0 131.3 122.2)  <- first socket full
T=96       52.3 Mops/s  (32.9 52.3 58.3)
T=128     133.3 Mops/s  (135.4 133.3 127.5)  <- every core busy
T=192      16.7 Mops/s  (14.3 16.7 27.6)  <- oversubscribed
T=256      28.0 Mops/s  (28.0 31.4 14.7)  <- oversubscribed
wrote sharded_rw.csv
# ./bench sharded:rwp shards=4096 mix=50/25/25 writers=0
# cores=128 hwthreads=128 sockets=2 cores/socket=64 pin order: 0 1 2 3 4 5 6 7 8 9 10 11 12 13 14 15 16 17 18 19 20 21 22 23 24 25 26 27 28 29 30 31 32 33 34 35 36 37 38 39 40 41 42 43 44 45 46 47 48 49 50 51 52 53 54 55 56 57 58 59 60 61 62 63 64 65 66 67 68 69 70 71 72 73 74 75 76 77 78 79 80 81 82 83 84 85 86 87 88 89 90 91 92 93 94 95 96 97 98 99 100 101 102 103 104 105 106 107 108 109 110 111 112 113 114 115 116 117 118 119 120 121 122 123 124 125 126 127
T=1         4.4 Mops/s  (4.0 4.4 4.5)
T=2         8.8 Mops/s  (8.6 8.8 8.8)
T=4        16.8 Mops/s  (16.8 16.7 16.8)
T=8        32.6 Mops/s  (32.8 32.6 32.6)
T=16       48.3 Mops/s  (46.8 48.7 48.3)
T=32       80.6 Mops/s  (80.6 80.5 80.6)
T=64      131.1 Mops/s  (131.1 130.8 131.7)  <- first socket full
T=96       31.7 Mops/s  (25.2 102.9 31.7)
T=128     130.5 Mops/s  (130.5 132.8 125.4)  <- every core busy
T=192      14.8 Mops/s  (19.5 14.8 12.3)  <- oversubscribed
T=256      10.6 Mops/s  (10.6 28.4 9.4)  <- oversubscribed
wrote sharded_rwp.csv
# ./bench sharded:shared_mutex shards=4096 mix=50/25/25 writers=0
# cores=128 hwthreads=128 sockets=2 cores/socket=64 pin order: 0 1 2 3 4 5 6 7 8 9 10 11 12 13 14 15 16 17 18 19 20 21 22 23 24 25 26 27 28 29 30 31 32 33 34 35 36 37 38 39 40 41 42 43 44 45 46 47 48 49 50 51 52 53 54 55 56 57 58 59 60 61 62 63 64 65 66 67 68 69 70 71 72 73 74 75 76 77 78 79 80 81 82 83 84 85 86 87 88 89 90 91 92 93 94 95 96 97 98 99 100 101 102 103 104 105 106 107 108 109 110 111 112 113 114 115 116 117 118 119 120 121 122 123 124 125 126 127
T=1         3.6 Mops/s  (3.6 3.6 3.8)
T=2         7.3 Mops/s  (7.3 7.2 7.3)
T=4        13.7 Mops/s  (13.6 13.8 13.7)
T=8        26.0 Mops/s  (25.3 26.4 26.0)
T=16       36.5 Mops/s  (36.5 36.7 36.4)
T=32       59.1 Mops/s  (54.8 59.3 59.1)
T=64       90.1 Mops/s  (87.3 90.1 92.7)  <- first socket full
T=96       85.7 Mops/s  (81.5 88.5 85.7)
T=128      97.3 Mops/s  (97.9 97.3 95.8)  <- every core busy
T=192      83.0 Mops/s  (82.9 83.4 83.0)  <- oversubscribed
T=256      81.3 Mops/s  (81.1 81.3 82.1)  <- oversubscribed
wrote sharded_shared_mutex.csv
